// Jest Snapshot v1, https://goo.gl/fbAQLP

exports[`Pages: Signing Page should render without errors 1`] = `
<SigningPageContainer>
  <Connect(SignIn) />
  <Connect(SignUp) />
</SigningPageContainer>
`;
