// Jest Snapshot v1, https://goo.gl/fbAQLP

exports[`Components: Custom Button renders component without errors 1`] = `
<CustomButtonContainer>
  Click Me
</CustomButtonContainer>
`;
